bash: C:/Users/p.anil.kumar.girdhar/Downloads/apache-maven-3.9.15-bin/bin/mvn: No such file or directory
